{
  "items": [
    {
      "productTaxons": [
        "/api/v2/shop/product-taxons/@string@"
      ],
      "mainTaxon": null,
      "averageRating": 0,
      "images": [],
      "id": "@integer@",
      "code": "MUG",
      "variants": [],
      "options": [],
      "associations": [],
      "createdAt": "@string@",
      "updatedAt": "@string@",
      "shortDescription": null,
      "reviews": [],
      "name": "Mug",
      "description": "@string@",
      "slug": "mug"
    },
    {
      "productTaxons": [],
      "mainTaxon": null,
      "averageRating": 0,
      "images": [],
      "id": "@integer@",
      "code": "MUG2",
      "variants": [],
      "options": [],
      "associations": [],
      "createdAt": "@string@",
      "updatedAt": "@string@",
      "shortDescription": null,
      "reviews": [],
      "name": "Mug 2",
      "description": "@string@",
      "slug": "mug-2"
    }
  ],
  "facets": {
    "material": {
      "doc_count_error_upper_bound": 0,
      "sum_other_doc_count": 0,
      "buckets": [
        {
          "key": "ceramic",
          "doc_count": 2
        }
      ]
    },
    "color": {
      "doc_count_error_upper_bound": 0,
      "sum_other_doc_count": 0,
      "buckets": [
        {
          "key": "red",
          "doc_count": 2
        }
      ]
    },
    "price": {
      "buckets": []
    },
    "taxon": {
      "doc_count_error_upper_bound": 0,
      "sum_other_doc_count": 0,
      "buckets": [
        {
          "key": "mugs",
          "doc_count": 1
        }
      ]
    }
  },
  "pagination": {
    "current_page": 1,
    "has_previous_page": false,
    "has_next_page": false,
    "per_page": 9,
    "total_items": 2,
    "total_pages": 1
  }
}
